[call] test rows=905029 dates=266 2024-08-08..2025-08-29
[call] IV inversion: 7.3713% failed (9s)
  intrinsic_zero_vol           R2(price)=0.999466 R2(log,T>1d)=-14.624675
  const_sigma                  R2(price)=0.999771 R2(log,T>1d)=0.627336
  const_sigma_pxfit            R2(price)=0.999805 R2(log,T>1d)=0.644984
  surface_nearest              R2(price)=0.999855 R2(log,T>1d)=0.738669
  surface_bilinear             R2(price)=0.999856 R2(log,T>1d)=0.739790
  surface_spline               R2(price)=0.999856 R2(log,T>1d)=0.739837
  prev_day_surface_bilinear    R2(price)=0.999850 R2(log,T>1d)=0.704200
  realized_vol_21d             R2(price)=0.999546 R2(log,T>1d)=0.642236
  realized_vol_21d_scaled      R2(price)=0.999316 R2(log,T>1d)=0.654045
  realized_vol_21d_scaled_pxfit R2(price)=0.999696 R2(log,T>1d)=0.306077
  ewma_vol                     R2(price)=0.999553 R2(log,T>1d)=0.649741
  ewma_vol_scaled              R2(price)=0.999336 R2(log,T>1d)=0.658421
  ewma_vol_scaled_pxfit        R2(price)=0.999700 R2(log,T>1d)=0.327019
  vix_level_over_100           R2(price)=0.999742 R2(log,T>1d)=0.729269
  vix_level_scaled             R2(price)=0.999799 R2(log,T>1d)=0.773001
  vix_level_scaled_pxfit       R2(price)=0.999807 R2(log,T>1d)=0.773545
[put] test rows=1462668 dates=266 2024-08-08..2025-08-29
[put] IV inversion: 3.8347% failed (11s)
  intrinsic_zero_vol           R2(price)=0.632539 R2(log,T>1d)=-30.230350
  const_sigma                  R2(price)=-1.805206 R2(log,T>1d)=-0.286590
  const_sigma_pxfit            R2(price)=0.940748 R2(log,T>1d)=-2.981097
  surface_nearest              R2(price)=0.996750 R2(log,T>1d)=-2.271292
  surface_bilinear             R2(price)=0.997201 R2(log,T>1d)=-2.262767
  surface_spline               R2(price)=0.997207 R2(log,T>1d)=-2.247023
  prev_day_surface_bilinear    R2(price)=0.992844 R2(log,T>1d)=-2.257962
  realized_vol_21d             R2(price)=0.763778 R2(log,T>1d)=-5.919797
  realized_vol_21d_scaled      R2(price)=-11.476763 R2(log,T>1d)=-0.597602
  realized_vol_21d_scaled_pxfit R2(price)=0.838834 R2(log,T>1d)=-7.889523
  ewma_vol                     R2(price)=0.766781 R2(log,T>1d)=-5.982380
  ewma_vol_scaled              R2(price)=-11.442840 R2(log,T>1d)=-0.586396
  ewma_vol_scaled_pxfit        R2(price)=0.843098 R2(log,T>1d)=-8.070604
  vix_level_over_100           R2(price)=0.922637 R2(log,T>1d)=-3.727816
  vix_level_scaled             R2(price)=-2.992339 R2(log,T>1d)=-0.256810
  vix_level_scaled_pxfit       R2(price)=0.940087 R2(log,T>1d)=-4.494478

type  baseline                       branch                      R2(px)  RMSE(px)   MAE(px)  R2(log,T>1d)  RMSE(log,T>1d)   IVrmse   IVmed
------------------------------------------------------------------------------------------------------------------------------------------
call  intrinsic_zero_vol             all                       0.999466  1.87e-02  9.41e-03    -14.624675          9.6501      n/a     n/a
call  const_sigma                    all                       0.999771  1.23e-02  5.47e-03      0.627336          1.4903   0.1294  0.0631
call  const_sigma_pxfit              all                       0.999805  1.13e-02  4.07e-03      0.644984          1.4546   0.1270  0.0470
call  surface_nearest                vol_surface               0.999855  9.75e-03  5.57e-04      0.738669          1.2480   0.1031  0.0046
call  surface_bilinear               vol_surface               0.999856  9.74e-03  4.82e-04      0.739790          1.2453   0.1030  0.0037
call  surface_spline                 vol_surface               0.999856  9.74e-03  4.67e-04      0.739837          1.2452   0.1030  0.0036
call  prev_day_surface_bilinear      spot_history|vix_history    0.999850  9.92e-03  1.10e-03      0.704200          1.3278   0.1095  0.0091
call  realized_vol_21d               spot_history              0.999546  1.73e-02  6.22e-03      0.642236          1.4602   0.1439  0.0372
call  realized_vol_21d_scaled        spot_history              0.999316  2.12e-02  8.20e-03      0.654045          1.4359   0.1609  0.0487
call  realized_vol_21d_scaled_pxfit  spot_history              0.999696  1.41e-02  5.37e-03      0.306077          2.0337   0.1376  0.0467
call  ewma_vol                       spot_history              0.999553  1.71e-02  6.11e-03      0.649741          1.4448   0.1422  0.0371
call  ewma_vol_scaled                spot_history              0.999336  2.09e-02  8.03e-03      0.658421          1.4268   0.1587  0.0479
call  ewma_vol_scaled_pxfit          spot_history              0.999700  1.40e-02  5.25e-03      0.327019          2.0027   0.1359  0.0458
call  vix_level_over_100             vix_history               0.999742  1.30e-02  4.83e-03      0.729269          1.2703   0.1225  0.0469
call  vix_level_scaled               vix_history               0.999799  1.15e-02  2.98e-03      0.773001          1.1632   0.1184  0.0273
call  vix_level_scaled_pxfit         vix_history               0.999807  1.12e-02  2.64e-03      0.773545          1.1618   0.1190  0.0220
put   intrinsic_zero_vol             all                       0.632539  1.47e-02  8.60e-03    -30.230350         11.6001      n/a     n/a
put   const_sigma                    all                      -1.805206  4.07e-02  2.80e-02     -0.286590          2.3545   0.2726  0.2712
put   const_sigma_pxfit              all                       0.940748  5.91e-03  3.75e-03     -2.981097          4.1417   0.1893  0.0596
put   surface_nearest                vol_surface               0.996750  1.38e-03  7.65e-04     -2.271292          3.7543   0.1672  0.0097
put   surface_bilinear               vol_surface               0.997201  1.28e-03  6.85e-04     -2.262767          3.7494   0.1671  0.0076
put   surface_spline                 vol_surface               0.997207  1.28e-03  6.77e-04     -2.247023          3.7404   0.1669  0.0075
put   prev_day_surface_bilinear      spot_history|vix_history    0.992844  2.05e-03  1.15e-03     -2.257962          3.7467   0.1687  0.0172
put   realized_vol_21d               spot_history              0.763778  1.18e-02  5.34e-03     -5.919797          5.4603   0.2166  0.0834
put   realized_vol_21d_scaled        spot_history            -11.476763  8.58e-02  4.72e-02     -0.597602          2.6237   0.5394  0.3105
put   realized_vol_21d_scaled_pxfit  spot_history              0.838834  9.75e-03  5.29e-03     -7.889523          6.1889   0.2294  0.1013
put   ewma_vol                       spot_history              0.766781  1.17e-02  5.23e-03     -5.982380          5.4850   0.2154  0.0827
put   ewma_vol_scaled                spot_history            -11.442840  8.57e-02  4.70e-02     -0.586396          2.6144   0.5364  0.3029
put   ewma_vol_scaled_pxfit          spot_history              0.843098  9.62e-03  5.20e-03     -8.070604          6.2516   0.2293  0.1004
put   vix_level_over_100             vix_history               0.922637  6.75e-03  3.17e-03     -3.727816          4.5134   0.1907  0.0478
put   vix_level_scaled               vix_history              -2.992339  4.85e-02  3.05e-02     -0.256810          2.3271   0.3027  0.2608
put   vix_level_scaled_pxfit         vix_history               0.940087  5.94e-03  2.96e-03     -4.494478          4.8656   0.1994  0.0520

per-stratum  n / R2(price) / R2(log,full):
  call  intrinsic_zero_vol             T_eq_0: n=38765 R2px=0.999999 R2log=0.2078 | T_gt_0_le_1d: n=0 R2px=nan R2log=nan | T_gt_1d: n=866264 R2px=0.999460 R2log=-14.6247 | T_eq_1d: n=29678 R2px=0.999993 R2log=-1.3606
  call  const_sigma                    T_eq_0: n=38765 R2px=0.999999 R2log=0.2078 | T_gt_0_le_1d: n=0 R2px=nan R2log=nan | T_gt_1d: n=866264 R2px=0.999768 R2log=0.6273 | T_eq_1d: n=29678 R2px=0.999995 R2log=0.5110
  call  const_sigma_pxfit              T_eq_0: n=38765 R2px=0.999999 R2log=0.2078 | T_gt_0_le_1d: n=0 R2px=nan R2log=nan | T_gt_1d: n=866264 R2px=0.999803 R2log=0.6450 | T_eq_1d: n=29678 R2px=0.999995 R2log=0.4420
  call  surface_nearest                T_eq_0: n=38765 R2px=0.999999 R2log=0.2078 | T_gt_0_le_1d: n=0 R2px=nan R2log=nan | T_gt_1d: n=866264 R2px=0.999854 R2log=0.7387 | T_eq_1d: n=29678 R2px=0.999998 R2log=0.2736
  call  surface_bilinear               T_eq_0: n=38765 R2px=0.999999 R2log=0.2078 | T_gt_0_le_1d: n=0 R2px=nan R2log=nan | T_gt_1d: n=866264 R2px=0.999854 R2log=0.7398 | T_eq_1d: n=29678 R2px=0.999998 R2log=0.2736
  call  surface_spline                 T_eq_0: n=38765 R2px=0.999999 R2log=0.2078 | T_gt_0_le_1d: n=0 R2px=nan R2log=nan | T_gt_1d: n=866264 R2px=0.999854 R2log=0.7398 | T_eq_1d: n=29678 R2px=0.999998 R2log=0.2736
  call  prev_day_surface_bilinear      T_eq_0: n=38765 R2px=0.999999 R2log=0.2078 | T_gt_0_le_1d: n=0 R2px=nan R2log=nan | T_gt_1d: n=866264 R2px=0.999849 R2log=0.7042 | T_eq_1d: n=29678 R2px=0.999997 R2log=0.2476
  call  realized_vol_21d               T_eq_0: n=38765 R2px=0.999999 R2log=0.2078 | T_gt_0_le_1d: n=0 R2px=nan R2log=nan | T_gt_1d: n=866264 R2px=0.999541 R2log=0.6422 | T_eq_1d: n=29678 R2px=0.999996 R2log=0.4160
  call  realized_vol_21d_scaled        T_eq_0: n=38765 R2px=0.999999 R2log=0.2078 | T_gt_0_le_1d: n=0 R2px=nan R2log=nan | T_gt_1d: n=866264 R2px=0.999308 R2log=0.6540 | T_eq_1d: n=29678 R2px=0.999995 R2log=0.5491
  call  realized_vol_21d_scaled_pxfit  T_eq_0: n=38765 R2px=0.999999 R2log=0.2078 | T_gt_0_le_1d: n=0 R2px=nan R2log=nan | T_gt_1d: n=866264 R2px=0.999692 R2log=0.3061 | T_eq_1d: n=29678 R2px=0.999996 R2log=0.1128
  call  ewma_vol                       T_eq_0: n=38765 R2px=0.999999 R2log=0.2078 | T_gt_0_le_1d: n=0 R2px=nan R2log=nan | T_gt_1d: n=866264 R2px=0.999548 R2log=0.6497 | T_eq_1d: n=29678 R2px=0.999997 R2log=0.4330
  call  ewma_vol_scaled                T_eq_0: n=38765 R2px=0.999999 R2log=0.2078 | T_gt_0_le_1d: n=0 R2px=nan R2log=nan | T_gt_1d: n=866264 R2px=0.999328 R2log=0.6584 | T_eq_1d: n=29678 R2px=0.999996 R2log=0.5660
  call  ewma_vol_scaled_pxfit          T_eq_0: n=38765 R2px=0.999999 R2log=0.2078 | T_gt_0_le_1d: n=0 R2px=nan R2log=nan | T_gt_1d: n=866264 R2px=0.999697 R2log=0.3270 | T_eq_1d: n=29678 R2px=0.999996 R2log=0.1228
  call  vix_level_over_100             T_eq_0: n=38765 R2px=0.999999 R2log=0.2078 | T_gt_0_le_1d: n=0 R2px=nan R2log=nan | T_gt_1d: n=866264 R2px=0.999739 R2log=0.7293 | T_eq_1d: n=29678 R2px=0.999997 R2log=0.6259
  call  vix_level_scaled               T_eq_0: n=38765 R2px=0.999999 R2log=0.2078 | T_gt_0_le_1d: n=0 R2px=nan R2log=nan | T_gt_1d: n=866264 R2px=0.999797 R2log=0.7730 | T_eq_1d: n=29678 R2px=0.999997 R2log=0.4901
  call  vix_level_scaled_pxfit         T_eq_0: n=38765 R2px=0.999999 R2log=0.2078 | T_gt_0_le_1d: n=0 R2px=nan R2log=nan | T_gt_1d: n=866264 R2px=0.999805 R2log=0.7735 | T_eq_1d: n=29678 R2px=0.999997 R2log=0.4184
  put   intrinsic_zero_vol             T_eq_0: n=39260 R2px=0.999861 R2log=-0.7629 | T_gt_0_le_1d: n=0 R2px=nan R2log=nan | T_gt_1d: n=1423408 R2px=0.617140 R2log=-30.2304 | T_eq_1d: n=38927 R2px=0.997909 R2log=-4.4176
  put   const_sigma                    T_eq_0: n=39260 R2px=0.999861 R2log=-0.7629 | T_gt_0_le_1d: n=0 R2px=nan R2log=nan | T_gt_1d: n=1423408 R2px=-1.922805 R2log=-0.2866 | T_eq_1d: n=38927 R2px=0.989073 R2log=-0.1995
  put   const_sigma_pxfit              T_eq_0: n=39260 R2px=0.999861 R2log=-0.7629 | T_gt_0_le_1d: n=0 R2px=nan R2log=nan | T_gt_1d: n=1423408 R2px=0.938270 R2log=-2.9811 | T_eq_1d: n=38927 R2px=0.998664 R2log=-1.7572
  put   surface_nearest                T_eq_0: n=39260 R2px=0.999861 R2log=-0.7629 | T_gt_0_le_1d: n=0 R2px=nan R2log=nan | T_gt_1d: n=1423408 R2px=0.996619 R2log=-2.2713 | T_eq_1d: n=38927 R2px=0.999535 R2log=-1.5823
  put   surface_bilinear               T_eq_0: n=39260 R2px=0.999861 R2log=-0.7629 | T_gt_0_le_1d: n=0 R2px=nan R2log=nan | T_gt_1d: n=1423408 R2px=0.997089 R2log=-2.2628 | T_eq_1d: n=38927 R2px=0.999534 R2log=-1.5822
  put   surface_spline                 T_eq_0: n=39260 R2px=0.999861 R2log=-0.7629 | T_gt_0_le_1d: n=0 R2px=nan R2log=nan | T_gt_1d: n=1423408 R2px=0.997096 R2log=-2.2470 | T_eq_1d: n=38927 R2px=0.999534 R2log=-1.5822
  put   prev_day_surface_bilinear      T_eq_0: n=39260 R2px=0.999861 R2log=-0.7629 | T_gt_0_le_1d: n=0 R2px=nan R2log=nan | T_gt_1d: n=1423408 R2px=0.992549 R2log=-2.2580 | T_eq_1d: n=38927 R2px=0.999442 R2log=-1.5802
  put   realized_vol_21d               T_eq_0: n=39260 R2px=0.999861 R2log=-0.7629 | T_gt_0_le_1d: n=0 R2px=nan R2log=nan | T_gt_1d: n=1423408 R2px=0.753881 R2log=-5.9198 | T_eq_1d: n=38927 R2px=0.998843 R2log=-2.1721
  put   realized_vol_21d_scaled        T_eq_0: n=39260 R2px=0.999861 R2log=-0.7629 | T_gt_0_le_1d: n=0 R2px=nan R2log=nan | T_gt_1d: n=1423408 R2px=-11.999831 R2log=-0.5976 | T_eq_1d: n=38927 R2px=0.934950 R2log=-0.2995
  put   realized_vol_21d_scaled_pxfit  T_eq_0: n=39260 R2px=0.999861 R2log=-0.7629 | T_gt_0_le_1d: n=0 R2px=nan R2log=nan | T_gt_1d: n=1423408 R2px=0.832083 R2log=-7.8895 | T_eq_1d: n=38927 R2px=0.998881 R2log=-2.5246
  put   ewma_vol                       T_eq_0: n=39260 R2px=0.999861 R2log=-0.7629 | T_gt_0_le_1d: n=0 R2px=nan R2log=nan | T_gt_1d: n=1423408 R2px=0.757010 R2log=-5.9824 | T_eq_1d: n=38927 R2px=0.999048 R2log=-2.1770
  put   ewma_vol_scaled                T_eq_0: n=39260 R2px=0.999861 R2log=-0.7629 | T_gt_0_le_1d: n=0 R2px=nan R2log=nan | T_gt_1d: n=1423408 R2px=-11.964486 R2log=-0.5864 | T_eq_1d: n=38927 R2px=0.936936 R2log=-0.2789
  put   ewma_vol_scaled_pxfit          T_eq_0: n=39260 R2px=0.999861 R2log=-0.7629 | T_gt_0_le_1d: n=0 R2px=nan R2log=nan | T_gt_1d: n=1423408 R2px=0.836526 R2log=-8.0706 | T_eq_1d: n=38927 R2px=0.999006 R2log=-2.5458
  put   vix_level_over_100             T_eq_0: n=39260 R2px=0.999861 R2log=-0.7629 | T_gt_0_le_1d: n=0 R2px=nan R2log=nan | T_gt_1d: n=1423408 R2px=0.919399 R2log=-3.7278 | T_eq_1d: n=38927 R2px=0.999364 R2log=-1.8770
  put   vix_level_scaled               T_eq_0: n=39260 R2px=0.999861 R2log=-0.7629 | T_gt_0_le_1d: n=0 R2px=nan R2log=nan | T_gt_1d: n=1423408 R2px=-3.159708 R2log=-0.2568 | T_eq_1d: n=38927 R2px=0.987489 R2log=-0.1563
  put   vix_level_scaled_pxfit         T_eq_0: n=39260 R2px=0.999861 R2log=-0.7629 | T_gt_0_le_1d: n=0 R2px=nan R2log=nan | T_gt_1d: n=1423408 R2px=0.937581 R2log=-4.4945 | T_eq_1d: n=38927 R2px=0.999284 R2log=-2.0633

surface fixed-point diagnostics (T>0 rows):
  call  surface_nearest                nonconv=3.2859% (28465) out-of-grid=42.4105% (delta 270359, tenor 214914) of 866264
  call  surface_bilinear               nonconv=0.0001% (1) out-of-grid=42.3916% (delta 270190, tenor 214914) of 866264
  call  surface_spline                 nonconv=0.0000% (0) out-of-grid=42.4261% (delta 270489, tenor 214914) of 866264
  call  prev_day_surface_bilinear      nonconv=0.0005% (4) out-of-grid=42.5339% (delta 270620, tenor 214914) of 866264
  put   surface_nearest                nonconv=7.5399% (107324) out-of-grid=53.1724% (delta 644531, tenor 319852) of 1423408
  put   surface_bilinear               nonconv=0.0000% (0) out-of-grid=53.1214% (delta 643792, tenor 319852) of 1423408
  put   surface_spline                 nonconv=0.0000% (0) out-of-grid=53.0574% (delta 642881, tenor 319852) of 1423408
  put   prev_day_surface_bilinear      nonconv=0.0000% (0) out-of-grid=53.0478% (delta 641956, tenor 319852) of 1423408

wrote C:\Users\iamlz\Documents\__LZF_FILEs__\DL_optionPricing\results\baselines_vix.json and C:\Users\iamlz\Documents\__LZF_FILEs__\DL_optionPricing\results\baselines_vix.csv
