[2026-08-12 08:03:35] === PHASE 1: parquet parts (all maturities retained) ===
WARNING: maturity filter DISABLED (diagnostic build). T <= 0 rows are kept and are NOT priceable; cut the paper sample in phase 2 before training.
Building SPX / VIX lookback tensors...
Lookback warmup: dropping rows with date < 2015-02-02
Maturity: basis=settlement, min_maturity_days=-1.0
          OptionMetrics EOD quote at 16:00 ET; am_settlement==1 settles at the SOQ (open, 09:30 ET) of exdate; am_settlement==0 settles at the close (16:00 ET) of exdate. T_settlement = (cal_days*24 + settle_h - quote_h)/(24*365).
Processing in 43 chunk(s) of <= 3 month(s)
  Processing 2015-01-01 .. 2015-03-31 ...
C:\Users\iamlz\Documents\__LZF_FILEs__\DL_optionPricing\wrds_data_2020-2025\pre_process_1_data_v4.py:456: UserWarning: Sortedness of columns cannot be checked when 'by' groups provided
  return q_opt.collect(engine="streaming")
    -> 96898 rows after joins
    -> 96898 rows after vol surface validation
    -> 96898 rows after min-maturity filter (T<=0: 955, 0<T<=min: 0)
    -> writing part deeponet_training_data_2015-01-01.parquet (63983 rows)
  Processing 2015-04-01 .. 2015-06-30 ...
    -> 98292 rows after joins
    -> 98292 rows after vol surface validation
    -> 98292 rows after min-maturity filter (T<=0: 894, 0<T<=min: 0)
    -> writing part deeponet_training_data_2015-04-01.parquet (98292 rows)
  Processing 2015-07-01 .. 2015-09-30 ...
    -> 131166 rows after joins
    -> 131166 rows after vol surface validation
    -> 131166 rows after min-maturity filter (T<=0: 1284, 0<T<=min: 0)
    -> writing part deeponet_training_data_2015-07-01.parquet (131166 rows)
  Processing 2015-10-01 .. 2015-12-31 ...
    -> 117273 rows after joins
    -> 117273 rows after vol surface validation
    -> 117273 rows after min-maturity filter (T<=0: 1194, 0<T<=min: 0)
    -> writing part deeponet_training_data_2015-10-01.parquet (117273 rows)
  Processing 2016-01-01 .. 2016-03-31 ...
    -> 133261 rows after joins
    -> 133261 rows after vol surface validation
    -> 133261 rows after min-maturity filter (T<=0: 1560, 0<T<=min: 0)
    -> writing part deeponet_training_data_2016-01-01.parquet (133261 rows)
  Processing 2016-04-01 .. 2016-06-30 ...
    -> 135083 rows after joins
    -> 135083 rows after vol surface validation
    -> 135083 rows after min-maturity filter (T<=0: 2044, 0<T<=min: 0)
    -> writing part deeponet_training_data_2016-04-01.parquet (135083 rows)
  Processing 2016-07-01 .. 2016-09-30 ...
    -> 132382 rows after joins
    -> 132382 rows after vol surface validation
    -> 132382 rows after min-maturity filter (T<=0: 2269, 0<T<=min: 0)
    -> writing part deeponet_training_data_2016-07-01.parquet (132382 rows)
  Processing 2016-10-01 .. 2016-12-31 ...
    -> 152851 rows after joins
    -> 152851 rows after vol surface validation
    -> 152851 rows after min-maturity filter (T<=0: 2643, 0<T<=min: 0)
    -> writing part deeponet_training_data_2016-10-01.parquet (152851 rows)
  Processing 2017-01-01 .. 2017-03-31 ...
    -> 155880 rows after joins
    -> 155880 rows after vol surface validation
    -> 155880 rows after min-maturity filter (T<=0: 2815, 0<T<=min: 0)
    -> writing part deeponet_training_data_2017-01-01.parquet (155880 rows)
  Processing 2017-04-01 .. 2017-06-30 ...
    -> 174534 rows after joins
    -> 174534 rows after vol surface validation
    -> 174534 rows after min-maturity filter (T<=0: 2642, 0<T<=min: 0)
    -> writing part deeponet_training_data_2017-04-01.parquet (174534 rows)
  Processing 2017-07-01 .. 2017-09-30 ...
    -> 184380 rows after joins
    -> 184380 rows after vol surface validation
    -> 184380 rows after min-maturity filter (T<=0: 2620, 0<T<=min: 0)
    -> writing part deeponet_training_data_2017-07-01.parquet (184380 rows)
  Processing 2017-10-01 .. 2017-12-31 ...
    -> 193623 rows after joins
    -> 193623 rows after vol surface validation
    -> 193623 rows after min-maturity filter (T<=0: 3201, 0<T<=min: 0)
    -> writing part deeponet_training_data_2017-10-01.parquet (193623 rows)
  Processing 2018-01-01 .. 2018-03-31 ...
    -> 243628 rows after joins
    -> 243628 rows after vol surface validation
    -> 243628 rows after min-maturity filter (T<=0: 4832, 0<T<=min: 0)
    -> writing part deeponet_training_data_2018-01-01.parquet (243628 rows)
  Processing 2018-04-01 .. 2018-06-30 ...
    -> 231674 rows after joins
    -> 231674 rows after vol surface validation
    -> 231674 rows after min-maturity filter (T<=0: 4291, 0<T<=min: 0)
    -> writing part deeponet_training_data_2018-04-01.parquet (231674 rows)
  Processing 2018-07-01 .. 2018-09-30 ...
    -> 215808 rows after joins
    -> 215808 rows after vol surface validation
    -> 215808 rows after min-maturity filter (T<=0: 3564, 0<T<=min: 0)
    -> writing part deeponet_training_data_2018-07-01.parquet (215808 rows)
  Processing 2018-10-01 .. 2018-12-31 ...
    -> 266335 rows after joins
    -> 266335 rows after vol surface validation
    -> 266335 rows after min-maturity filter (T<=0: 6009, 0<T<=min: 0)
    -> writing part deeponet_training_data_2018-10-01.parquet (266335 rows)
  Processing 2019-01-01 .. 2019-03-31 ...
    -> 225608 rows after joins
    -> 225608 rows after vol surface validation
    -> 225608 rows after min-maturity filter (T<=0: 4520, 0<T<=min: 0)
    -> writing part deeponet_training_data_2019-01-01.parquet (225608 rows)
  Processing 2019-04-01 .. 2019-06-30 ...
    -> 231130 rows after joins
    -> 231130 rows after vol surface validation
    -> 231130 rows after min-maturity filter (T<=0: 4086, 0<T<=min: 0)
    -> writing part deeponet_training_data_2019-04-01.parquet (231130 rows)
  Processing 2019-07-01 .. 2019-09-30 ...
    -> 251376 rows after joins
    -> 251376 rows after vol surface validation
    -> 251376 rows after min-maturity filter (T<=0: 4491, 0<T<=min: 0)
    -> writing part deeponet_training_data_2019-07-01.parquet (251376 rows)
  Processing 2019-10-01 .. 2019-12-31 ...
    -> 249918 rows after joins
    -> 249918 rows after vol surface validation
    -> 249918 rows after min-maturity filter (T<=0: 4347, 0<T<=min: 0)
    -> writing part deeponet_training_data_2019-10-01.parquet (249918 rows)
  Processing 2020-01-01 .. 2020-03-31 ...
    -> 353858 rows after joins
    -> 353858 rows after vol surface validation
    -> 353858 rows after min-maturity filter (T<=0: 7794, 0<T<=min: 0)
    -> writing part deeponet_training_data_2020-01-01.parquet (353858 rows)
  Processing 2020-04-01 .. 2020-06-30 ...
    -> 334034 rows after joins
    -> 334034 rows after vol surface validation
    -> 334034 rows after min-maturity filter (T<=0: 8305, 0<T<=min: 0)
    -> writing part deeponet_training_data_2020-04-01.parquet (334034 rows)
  Processing 2020-07-01 .. 2020-09-30 ...
    -> 304570 rows after joins
    -> 304570 rows after vol surface validation
    -> 304570 rows after min-maturity filter (T<=0: 7352, 0<T<=min: 0)
    -> writing part deeponet_training_data_2020-07-01.parquet (304570 rows)
  Processing 2020-10-01 .. 2020-12-31 ...
    -> 309834 rows after joins
    -> 309834 rows after vol surface validation
    -> 309834 rows after min-maturity filter (T<=0: 7641, 0<T<=min: 0)
    -> writing part deeponet_training_data_2020-10-01.parquet (309834 rows)
  Processing 2021-01-01 .. 2021-03-31 ...
    -> 320396 rows after joins
    -> 320396 rows after vol surface validation
    -> 320396 rows after min-maturity filter (T<=0: 7740, 0<T<=min: 0)
    -> writing part deeponet_training_data_2021-01-01.parquet (320396 rows)
  Processing 2021-04-01 .. 2021-06-30 ...
    -> 335674 rows after joins
    -> 335674 rows after vol surface validation
    -> 335674 rows after min-maturity filter (T<=0: 7476, 0<T<=min: 0)
    -> writing part deeponet_training_data_2021-04-01.parquet (335674 rows)
  Processing 2021-07-01 .. 2021-09-30 ...
    -> 366311 rows after joins
    -> 366311 rows after vol surface validation
    -> 366311 rows after min-maturity filter (T<=0: 7793, 0<T<=min: 0)
    -> writing part deeponet_training_data_2021-07-01.parquet (366311 rows)
  Processing 2021-10-01 .. 2021-12-31 ...
    -> 414193 rows after joins
    -> 414193 rows after vol surface validation
    -> 414193 rows after min-maturity filter (T<=0: 8750, 0<T<=min: 0)
    -> writing part deeponet_training_data_2021-10-01.parquet (414193 rows)
  Processing 2022-01-01 .. 2022-03-31 ...
    -> 447743 rows after joins
    -> 447743 rows after vol surface validation
    -> 447743 rows after min-maturity filter (T<=0: 10068, 0<T<=min: 0)
    -> writing part deeponet_training_data_2022-01-01.parquet (447743 rows)
  Processing 2022-04-01 .. 2022-06-30 ...
    -> 459260 rows after joins
    -> 459260 rows after vol surface validation
    -> 459260 rows after min-maturity filter (T<=0: 13401, 0<T<=min: 0)
    -> writing part deeponet_training_data_2022-04-01.parquet (459260 rows)
  Processing 2022-07-01 .. 2022-09-30 ...
    -> 452371 rows after joins
    -> 452371 rows after vol surface validation
    -> 452371 rows after min-maturity filter (T<=0: 13795, 0<T<=min: 0)
    -> writing part deeponet_training_data_2022-07-01.parquet (452371 rows)
  Processing 2022-10-01 .. 2022-12-31 ...
    -> 448223 rows after joins
    -> 448223 rows after vol surface validation
    -> 448223 rows after min-maturity filter (T<=0: 13863, 0<T<=min: 0)
    -> writing part deeponet_training_data_2022-10-01.parquet (448223 rows)
  Processing 2023-01-01 .. 2023-03-31 ...
    -> 460784 rows after joins
    -> 460784 rows after vol surface validation
    -> 460784 rows after min-maturity filter (T<=0: 13011, 0<T<=min: 0)
    -> writing part deeponet_training_data_2023-01-01.parquet (460784 rows)
  Processing 2023-04-01 .. 2023-06-30 ...
    -> 450422 rows after joins
    -> 450422 rows after vol surface validation
    -> 450422 rows after min-maturity filter (T<=0: 12072, 0<T<=min: 0)
    -> writing part deeponet_training_data_2023-04-01.parquet (450422 rows)
  Processing 2023-07-01 .. 2023-09-30 ...
    -> 468565 rows after joins
    -> 468565 rows after vol surface validation
    -> 468565 rows after min-maturity filter (T<=0: 12917, 0<T<=min: 0)
    -> writing part deeponet_training_data_2023-07-01.parquet (468565 rows)
  Processing 2023-10-01 .. 2023-12-31 ...
    -> 492865 rows after joins
    -> 492865 rows after vol surface validation
    -> 492865 rows after min-maturity filter (T<=0: 13804, 0<T<=min: 0)
    -> writing part deeponet_training_data_2023-10-01.parquet (492865 rows)
  Processing 2024-01-01 .. 2024-03-31 ...
    -> 487099 rows after joins
    -> 487099 rows after vol surface validation
    -> 487099 rows after min-maturity filter (T<=0: 13713, 0<T<=min: 0)
    -> writing part deeponet_training_data_2024-01-01.parquet (487099 rows)
  Processing 2024-04-01 .. 2024-06-30 ...
    -> 497230 rows after joins
    -> 497230 rows after vol surface validation
    -> 497230 rows after min-maturity filter (T<=0: 14084, 0<T<=min: 0)
    -> writing part deeponet_training_data_2024-04-01.parquet (497230 rows)
  Processing 2024-07-01 .. 2024-09-30 ...
    -> 550840 rows after joins
    -> 550840 rows after vol surface validation
    -> 550840 rows after min-maturity filter (T<=0: 16453, 0<T<=min: 0)
    -> writing part deeponet_training_data_2024-07-01.parquet (550840 rows)
  Processing 2024-10-01 .. 2024-12-31 ...
    -> 517309 rows after joins
    -> 517309 rows after vol surface validation
    -> 517309 rows after min-maturity filter (T<=0: 16763, 0<T<=min: 0)
    -> writing part deeponet_training_data_2024-10-01.parquet (517309 rows)
  Processing 2025-01-01 .. 2025-03-31 ...
    -> 565070 rows after joins
    -> 565070 rows after vol surface validation
    -> 565070 rows after min-maturity filter (T<=0: 18032, 0<T<=min: 0)
    -> writing part deeponet_training_data_2025-01-01.parquet (565070 rows)
  Processing 2025-04-01 .. 2025-06-30 ...
    -> 591257 rows after joins
    -> 591257 rows after vol surface validation
    -> 591257 rows after min-maturity filter (T<=0: 21657, 0<T<=min: 0)
    -> writing part deeponet_training_data_2025-04-01.parquet (591257 rows)
  Processing 2025-07-01 .. 2025-08-29 ...
    -> 379118 rows after joins
    -> 379118 rows after vol surface validation
    -> 379118 rows after min-maturity filter (T<=0: 11894, 0<T<=min: 0)
    -> writing part deeponet_training_data_2025-07-01.parquet (379118 rows)

Done. Wrote 43 parquet part files to C:\Users\iamlz\Documents\__LZF_FILEs__\DL_optionPricing\wrds_data_2020-2025\deeponet_training_data_parts_v4.
Provenance written to C:\Users\iamlz\Documents\__LZF_FILEs__\DL_optionPricing\wrds_data_2020-2025\deeponet_training_data_parts_v4\pipeline_config_v4.json (phase 2 copies it into HDF5 attrs).
[2026-08-12 08:59:42] phase 1 done
[2026-08-12 08:59:42] === PHASE 2: call HDF5 (paper rule T > 1 day) ===
Loading 43 parquet input file(s) (cp_flag=C)...
Maturity cut at export: min_maturity_days=1.0, t_basis=settlement
Scanning parquet metadata...
  deeponet_training_data_2015-01-01.parquet: 22178 rows
  deeponet_training_data_2015-04-01.parquet: 34747 rows
  deeponet_training_data_2015-07-01.parquet: 47735 rows
  deeponet_training_data_2015-10-01.parquet: 42121 rows
  deeponet_training_data_2016-01-01.parquet: 48526 rows
  deeponet_training_data_2016-04-01.parquet: 47965 rows
  deeponet_training_data_2016-07-01.parquet: 47713 rows
  deeponet_training_data_2016-10-01.parquet: 56409 rows
  deeponet_training_data_2017-01-01.parquet: 57351 rows
  deeponet_training_data_2017-04-01.parquet: 64196 rows
  deeponet_training_data_2017-07-01.parquet: 66700 rows
  deeponet_training_data_2017-10-01.parquet: 69969 rows
  deeponet_training_data_2018-01-01.parquet: 86595 rows
  deeponet_training_data_2018-04-01.parquet: 78691 rows
  deeponet_training_data_2018-07-01.parquet: 72102 rows
  deeponet_training_data_2018-10-01.parquet: 97068 rows
  deeponet_training_data_2019-01-01.parquet: 80084 rows
  deeponet_training_data_2019-04-01.parquet: 82591 rows
  deeponet_training_data_2019-07-01.parquet: 87095 rows
  deeponet_training_data_2019-10-01.parquet: 88226 rows
  deeponet_training_data_2020-01-01.parquet: 137433 rows
  deeponet_training_data_2020-04-01.parquet: 129055 rows
  deeponet_training_data_2020-07-01.parquet: 114528 rows
  deeponet_training_data_2020-10-01.parquet: 118139 rows
  deeponet_training_data_2021-01-01.parquet: 119230 rows
  deeponet_training_data_2021-04-01.parquet: 120631 rows
  deeponet_training_data_2021-07-01.parquet: 128067 rows
  deeponet_training_data_2021-10-01.parquet: 147023 rows
  deeponet_training_data_2022-01-01.parquet: 168592 rows
  deeponet_training_data_2022-04-01.parquet: 181499 rows
  deeponet_training_data_2022-07-01.parquet: 177982 rows
  deeponet_training_data_2022-10-01.parquet: 175656 rows
  deeponet_training_data_2023-01-01.parquet: 176385 rows
  deeponet_training_data_2023-04-01.parquet: 161631 rows
  deeponet_training_data_2023-07-01.parquet: 173706 rows
  deeponet_training_data_2023-10-01.parquet: 180080 rows
  deeponet_training_data_2024-01-01.parquet: 172759 rows
  deeponet_training_data_2024-04-01.parquet: 175328 rows
  deeponet_training_data_2024-07-01.parquet: 192619 rows
  deeponet_training_data_2024-10-01.parquet: 175611 rows
  deeponet_training_data_2025-01-01.parquet: 204238 rows
  deeponet_training_data_2025-04-01.parquet: 217194 rows
  deeponet_training_data_2025-07-01.parquet: 130144 rows
Writing C:\Users\iamlz\Documents\__LZF_FILEs__\DL_optionPricing\wrds_data_2020-2025\deeponet_tensors_call_v4.h5 (4955592 rows expected)...
  Processing deeponet_training_data_2015-01-01.parquet ...
    -> appended 22178 rows
  Processing deeponet_training_data_2015-04-01.parquet ...
    -> appended 34747 rows
  Processing deeponet_training_data_2015-07-01.parquet ...
    -> appended 47735 rows
  Processing deeponet_training_data_2015-10-01.parquet ...
    -> appended 42121 rows
  Processing deeponet_training_data_2016-01-01.parquet ...
    -> appended 48526 rows
  Processing deeponet_training_data_2016-04-01.parquet ...
    -> appended 47965 rows
  Processing deeponet_training_data_2016-07-01.parquet ...
    -> appended 47713 rows
  Processing deeponet_training_data_2016-10-01.parquet ...
    -> appended 56409 rows
  Processing deeponet_training_data_2017-01-01.parquet ...
    -> appended 57351 rows
  Processing deeponet_training_data_2017-04-01.parquet ...
    -> appended 64196 rows
  Processing deeponet_training_data_2017-07-01.parquet ...
    -> appended 66700 rows
  Processing deeponet_training_data_2017-10-01.parquet ...
    -> appended 69969 rows
  Processing deeponet_training_data_2018-01-01.parquet ...
    -> appended 86595 rows
  Processing deeponet_training_data_2018-04-01.parquet ...
    -> appended 78691 rows
  Processing deeponet_training_data_2018-07-01.parquet ...
    -> appended 72102 rows
  Processing deeponet_training_data_2018-10-01.parquet ...
    -> appended 97068 rows
  Processing deeponet_training_data_2019-01-01.parquet ...
    -> appended 80084 rows
  Processing deeponet_training_data_2019-04-01.parquet ...
    -> appended 82591 rows
  Processing deeponet_training_data_2019-07-01.parquet ...
    -> appended 87095 rows
  Processing deeponet_training_data_2019-10-01.parquet ...
    -> appended 88226 rows
  Processing deeponet_training_data_2020-01-01.parquet ...
    -> appended 137433 rows
  Processing deeponet_training_data_2020-04-01.parquet ...
    -> appended 129055 rows
  Processing deeponet_training_data_2020-07-01.parquet ...
    -> appended 114528 rows
  Processing deeponet_training_data_2020-10-01.parquet ...
    -> appended 118139 rows
  Processing deeponet_training_data_2021-01-01.parquet ...
    -> appended 119230 rows
  Processing deeponet_training_data_2021-04-01.parquet ...
    -> appended 120631 rows
  Processing deeponet_training_data_2021-07-01.parquet ...
    -> appended 128067 rows
  Processing deeponet_training_data_2021-10-01.parquet ...
    -> appended 147023 rows
  Processing deeponet_training_data_2022-01-01.parquet ...
    -> appended 168592 rows
  Processing deeponet_training_data_2022-04-01.parquet ...
    -> appended 181499 rows
  Processing deeponet_training_data_2022-07-01.parquet ...
    -> appended 177982 rows
  Processing deeponet_training_data_2022-10-01.parquet ...
    -> appended 175656 rows
  Processing deeponet_training_data_2023-01-01.parquet ...
    -> appended 176385 rows
  Processing deeponet_training_data_2023-04-01.parquet ...
    -> appended 161631 rows
  Processing deeponet_training_data_2023-07-01.parquet ...
    -> appended 173706 rows
  Processing deeponet_training_data_2023-10-01.parquet ...
    -> appended 180080 rows
  Processing deeponet_training_data_2024-01-01.parquet ...
    -> appended 172759 rows
  Processing deeponet_training_data_2024-04-01.parquet ...
    -> appended 175328 rows
  Processing deeponet_training_data_2024-07-01.parquet ...
    -> appended 192619 rows
  Processing deeponet_training_data_2024-10-01.parquet ...
    -> appended 175611 rows
  Processing deeponet_training_data_2025-01-01.parquet ...
    -> appended 204238 rows
  Processing deeponet_training_data_2025-04-01.parquet ...
    -> appended 217194 rows
  Processing deeponet_training_data_2025-07-01.parquet ...
    -> appended 130144 rows
  train: 3360823 rows
  val: 754276 rows
  test: 840493 rows
  2661 unique dates: 2015-02-02 .. 2025-08-29
  Last train date: 2023-07-17
  Last val date: 2024-08-06
Valid samples: 4955592
HDF5 v4 export complete.
[2026-08-12 09:06:35] phase 2 call done
[2026-08-12 09:06:35] === PHASE 2: put HDF5 (paper rule T > 1 day) ===
Loading 43 parquet input file(s) (cp_flag=P)...
Maturity cut at export: min_maturity_days=1.0, t_basis=settlement
Scanning parquet metadata...
  deeponet_training_data_2015-01-01.parquet: 40301 rows
  deeponet_training_data_2015-04-01.parquet: 61221 rows
  deeponet_training_data_2015-07-01.parquet: 80342 rows
  deeponet_training_data_2015-10-01.parquet: 72511 rows
  deeponet_training_data_2016-01-01.parquet: 80859 rows
  deeponet_training_data_2016-04-01.parquet: 82385 rows
  deeponet_training_data_2016-07-01.parquet: 79972 rows
  deeponet_training_data_2016-10-01.parquet: 91443 rows
  deeponet_training_data_2017-01-01.parquet: 92949 rows
  deeponet_training_data_2017-04-01.parquet: 105099 rows
  deeponet_training_data_2017-07-01.parquet: 112484 rows
  deeponet_training_data_2017-10-01.parquet: 117401 rows
  deeponet_training_data_2018-01-01.parquet: 147842 rows
  deeponet_training_data_2018-04-01.parquet: 144786 rows
  deeponet_training_data_2018-07-01.parquet: 136733 rows
  deeponet_training_data_2018-10-01.parquet: 158124 rows
  deeponet_training_data_2019-01-01.parquet: 136962 rows
  deeponet_training_data_2019-04-01.parquet: 140656 rows
  deeponet_training_data_2019-07-01.parquet: 155904 rows
  deeponet_training_data_2019-10-01.parquet: 153537 rows
  deeponet_training_data_2020-01-01.parquet: 201489 rows
  deeponet_training_data_2020-04-01.parquet: 189304 rows
  deeponet_training_data_2020-07-01.parquet: 176333 rows
  deeponet_training_data_2020-10-01.parquet: 177593 rows
  deeponet_training_data_2021-01-01.parquet: 186617 rows
  deeponet_training_data_2021-04-01.parquet: 201608 rows
  deeponet_training_data_2021-07-01.parquet: 223051 rows
  deeponet_training_data_2021-10-01.parquet: 251111 rows
  deeponet_training_data_2022-01-01.parquet: 260418 rows
  deeponet_training_data_2022-04-01.parquet: 252456 rows
  deeponet_training_data_2022-07-01.parquet: 247833 rows
  deeponet_training_data_2022-10-01.parquet: 245418 rows
  deeponet_training_data_2023-01-01.parquet: 259233 rows
  deeponet_training_data_2023-04-01.parquet: 265243 rows
  deeponet_training_data_2023-07-01.parquet: 270126 rows
  deeponet_training_data_2023-10-01.parquet: 285971 rows
  deeponet_training_data_2024-01-01.parquet: 287396 rows
  deeponet_training_data_2024-04-01.parquet: 294217 rows
  deeponet_training_data_2024-07-01.parquet: 326181 rows
  deeponet_training_data_2024-10-01.parquet: 310046 rows
  deeponet_training_data_2025-01-01.parquet: 326989 rows
  deeponet_training_data_2025-04-01.parquet: 334408 rows
  deeponet_training_data_2025-07-01.parquet: 226502 rows
Writing C:\Users\iamlz\Documents\__LZF_FILEs__\DL_optionPricing\wrds_data_2020-2025\deeponet_tensors_put_v4.h5 (7991054 rows expected)...
  Processing deeponet_training_data_2015-01-01.parquet ...
    -> appended 40301 rows
  Processing deeponet_training_data_2015-04-01.parquet ...
    -> appended 61221 rows
  Processing deeponet_training_data_2015-07-01.parquet ...
    -> appended 80342 rows
  Processing deeponet_training_data_2015-10-01.parquet ...
    -> appended 72511 rows
  Processing deeponet_training_data_2016-01-01.parquet ...
    -> appended 80859 rows
  Processing deeponet_training_data_2016-04-01.parquet ...
    -> appended 82385 rows
  Processing deeponet_training_data_2016-07-01.parquet ...
    -> appended 79972 rows
  Processing deeponet_training_data_2016-10-01.parquet ...
    -> appended 91443 rows
  Processing deeponet_training_data_2017-01-01.parquet ...
    -> appended 92949 rows
  Processing deeponet_training_data_2017-04-01.parquet ...
    -> appended 105099 rows
  Processing deeponet_training_data_2017-07-01.parquet ...
    -> appended 112484 rows
  Processing deeponet_training_data_2017-10-01.parquet ...
    -> appended 117401 rows
  Processing deeponet_training_data_2018-01-01.parquet ...
    -> appended 147842 rows
  Processing deeponet_training_data_2018-04-01.parquet ...
    -> appended 144786 rows
  Processing deeponet_training_data_2018-07-01.parquet ...
    -> appended 136733 rows
  Processing deeponet_training_data_2018-10-01.parquet ...
    -> appended 158124 rows
  Processing deeponet_training_data_2019-01-01.parquet ...
    -> appended 136962 rows
  Processing deeponet_training_data_2019-04-01.parquet ...
    -> appended 140656 rows
  Processing deeponet_training_data_2019-07-01.parquet ...
    -> appended 155904 rows
  Processing deeponet_training_data_2019-10-01.parquet ...
    -> appended 153537 rows
  Processing deeponet_training_data_2020-01-01.parquet ...
    -> appended 201489 rows
  Processing deeponet_training_data_2020-04-01.parquet ...
    -> appended 189304 rows
  Processing deeponet_training_data_2020-07-01.parquet ...
    -> appended 176333 rows
  Processing deeponet_training_data_2020-10-01.parquet ...
    -> appended 177593 rows
  Processing deeponet_training_data_2021-01-01.parquet ...
    -> appended 186617 rows
  Processing deeponet_training_data_2021-04-01.parquet ...
    -> appended 201608 rows
  Processing deeponet_training_data_2021-07-01.parquet ...
    -> appended 223051 rows
  Processing deeponet_training_data_2021-10-01.parquet ...
    -> appended 251111 rows
  Processing deeponet_training_data_2022-01-01.parquet ...
    -> appended 260418 rows
  Processing deeponet_training_data_2022-04-01.parquet ...
    -> appended 252456 rows
  Processing deeponet_training_data_2022-07-01.parquet ...
    -> appended 247833 rows
  Processing deeponet_training_data_2022-10-01.parquet ...
    -> appended 245418 rows
  Processing deeponet_training_data_2023-01-01.parquet ...
    -> appended 259233 rows
  Processing deeponet_training_data_2023-04-01.parquet ...
    -> appended 265243 rows
  Processing deeponet_training_data_2023-07-01.parquet ...
    -> appended 270126 rows
  Processing deeponet_training_data_2023-10-01.parquet ...
    -> appended 285971 rows
  Processing deeponet_training_data_2024-01-01.parquet ...
    -> appended 287396 rows
  Processing deeponet_training_data_2024-04-01.parquet ...
    -> appended 294217 rows
  Processing deeponet_training_data_2024-07-01.parquet ...
    -> appended 326181 rows
  Processing deeponet_training_data_2024-10-01.parquet ...
    -> appended 310046 rows
  Processing deeponet_training_data_2025-01-01.parquet ...
    -> appended 326989 rows
  Processing deeponet_training_data_2025-04-01.parquet ...
    -> appended 334408 rows
  Processing deeponet_training_data_2025-07-01.parquet ...
    -> appended 226502 rows
  train: 5370629 rows
  val: 1229955 rows
  test: 1390470 rows
  2661 unique dates: 2015-02-02 .. 2025-08-29
  Last train date: 2023-07-17
  Last val date: 2024-08-06
Valid samples: 7991054
HDF5 v4 export complete.
[2026-08-12 09:14:58] phase 2 put done
[2026-08-12 09:14:58] === BUILD COMPLETE ===
-rw-r--r-- 1 iamlz 197609  8059442344 Aug 12 09:06 deeponet_tensors_call_v4.h5
-rw-r--r-- 1 iamlz 197609 13001588440 Aug 12 09:14 deeponet_tensors_put_v4.h5
