[2026-08-12 23:51:02] === data_quality (v5) ===
====================================================================================
CALL  test split: 819342 rows, 267 dates
  sample: v5  schema_version=v4
  C:\Users\iamlz\Documents\__LZF_FILEs__\DL_optionPricing\wrds_data_2020-2025\deeponet_tensors_call_v5.h5
====================================================================================

(a) SETTLEMENT-DUPLICATE PAIRS  (key = date, log_m, T, r, q)
    groups                     : 819342   max group size: 1
    group size histogram       : {'1': 819342}
    rows in duplicate groups   : 0.0000%  (0 groups)
    dup groups disagreeing     : 0.0000%
    within-group target spread : med=0.00000 p90=0.00000 p99=0.00000 max=0.00000
    IRREDUCIBLE SSE share      : 0.000000% of total variance
    stratum             n      %dup rows     irred.SSE%
    d=2-7          111675         0.000%       0.00000%
    d=8-30         293399         0.000%       0.00000%
    d=31-90        216254         0.000%       0.00000%
    d=91-365       168929         0.000%       0.00000%
    d>365           29085         0.000%       0.00000%

(a') SAME, KEY + am_settlement  (what retaining AM/PM separates)
    groups                     : 819342   max group size: 1
    group size histogram       : {'1': 819342}
    rows in duplicate groups   : 0.0000%  (0 groups)
    dup groups disagreeing     : 0.0000%
    within-group target spread : med=0.00000 p90=0.00000 p99=0.00000 max=0.00000
    IRREDUCIBLE SSE share      : 0.000000% of total variance
    stratum             n      %dup rows     irred.SSE%
    d=2-7          111675         0.000%       0.00000%
    d=8-30         293399         0.000%       0.00000%
    d=31-90        216254         0.000%       0.00000%
    d=91-365       168929         0.000%       0.00000%
    d>365           29085         0.000%       0.00000%

    contrast: 0.0000% of rows collide on the model-input key alone, 0.0000% still collide once am_settlement is part of the key.

(b) BS STATIC-BOUND VIOLATIONS
    violations                 : 0  (0.0000%)   lower=0.0% upper=0.0%
    depth (V/K units)          : p25=0.000e+00  p50=0.000e+00  p75=0.000e+00  p90=0.000e+00  p99=0.000e+00  p100=0.000e+00
    n violations deeper than           : gt_0.001=0  gt_0.01=0  gt_0.1=0  gt_1=0
    share of violations at T==0        : 0.00%
    share of violations at days<=1     : 0.00%
    bucket                          n     n_viol        %viol    med depth
    d=2-7                      111675          0       0.000%    0.000e+00
    d=8-30                     293399          0       0.000%    0.000e+00
    d=31-90                    216254          0       0.000%    0.000e+00
    d=91-365                   168929          0       0.000%    0.000e+00
    d>365                       29085          0       0.000%    0.000e+00
    deep OTM/ITM  M<0.8         17053          0       0.000%    0.000e+00
    0.8-0.95                   201593          0       0.000%    0.000e+00
    near ATM 0.95-1.05         539503          0       0.000%    0.000e+00
    1.05-1.2                    49238          0       0.000%    0.000e+00
    M>1.2                       11955          0       0.000%    0.000e+00

    top 20 violations by depth:
====================================================================================
PUT  test split: 1380379 rows, 267 dates
  sample: v5  schema_version=v4
  C:\Users\iamlz\Documents\__LZF_FILEs__\DL_optionPricing\wrds_data_2020-2025\deeponet_tensors_put_v5.h5
====================================================================================

(a) SETTLEMENT-DUPLICATE PAIRS  (key = date, log_m, T, r, q)
    groups                     : 1380379   max group size: 1
    group size histogram       : {'1': 1380379}
    rows in duplicate groups   : 0.0000%  (0 groups)
    dup groups disagreeing     : 0.0000%
    within-group target spread : med=0.00000 p90=0.00000 p99=0.00000 max=0.00000
    IRREDUCIBLE SSE share      : 0.000000% of total variance
    stratum             n      %dup rows     irred.SSE%
    d=2-7          182905         0.000%       0.00000%
    d=8-30         476719         0.000%       0.00000%
    d=31-90        373737         0.000%       0.00000%
    d=91-365       306073         0.000%       0.00000%
    d>365           40945         0.000%       0.00000%

(a') SAME, KEY + am_settlement  (what retaining AM/PM separates)
    groups                     : 1380379   max group size: 1
    group size histogram       : {'1': 1380379}
    rows in duplicate groups   : 0.0000%  (0 groups)
    dup groups disagreeing     : 0.0000%
    within-group target spread : med=0.00000 p90=0.00000 p99=0.00000 max=0.00000
    IRREDUCIBLE SSE share      : 0.000000% of total variance
    stratum             n      %dup rows     irred.SSE%
    d=2-7          182905         0.000%       0.00000%
    d=8-30         476719         0.000%       0.00000%
    d=31-90        373737         0.000%       0.00000%
    d=91-365       306073         0.000%       0.00000%
    d>365           40945         0.000%       0.00000%

    contrast: 0.0000% of rows collide on the model-input key alone, 0.0000% still collide once am_settlement is part of the key.

(b) BS STATIC-BOUND VIOLATIONS
    violations                 : 0  (0.0000%)   lower=0.0% upper=0.0%
    depth (V/K units)          : p25=0.000e+00  p50=0.000e+00  p75=0.000e+00  p90=0.000e+00  p99=0.000e+00  p100=0.000e+00
    n violations deeper than           : gt_0.001=0  gt_0.01=0  gt_0.1=0  gt_1=0
    share of violations at T==0        : 0.00%
    share of violations at days<=1     : 0.00%
    bucket                          n     n_viol        %viol    med depth
    d=2-7                      182905          0       0.000%    0.000e+00
    d=8-30                     476719          0       0.000%    0.000e+00
    d=31-90                    373737          0       0.000%    0.000e+00
    d=91-365                   306073          0       0.000%    0.000e+00
    d>365                       40945          0       0.000%    0.000e+00
    deep OTM/ITM  M<0.8          2217          0       0.000%    0.000e+00
    0.8-0.95                    40129          0       0.000%    0.000e+00
    near ATM 0.95-1.05         579384          0       0.000%    0.000e+00
    1.05-1.2                   458245          0       0.000%    0.000e+00
    M>1.2                      300404          0       0.000%    0.000e+00

    top 20 violations by depth:

wrote C:\Users\iamlz\Documents\__LZF_FILEs__\DL_optionPricing\results/{data_quality_v5.json,data_quality_duplicates_v5.csv,data_quality_bounds_v5.csv}
[2026-08-12 23:51:16] data_quality exit=0
[2026-08-12 23:51:16] === diagnostics (v5) ===
==============================================================================
CALL  test split: 819342 rows, 267 dates
  sample: v5  schema_version=v4
  C:\Users\iamlz\Documents\__LZF_FILEs__\DL_optionPricing\wrds_data_2020-2025\deeponet_tensors_call_v5.h5
==============================================================================

-- A. T==0 decoder degeneracy -> hard R2(log,full) ceiling
   T==0 rows            : 0  (0.0000% of split)
   CEILING NOT BINDING  : no T==0 rows in this sample (v4 filters T <= 1 day at export): the decoder-degeneracy ceiling does not bind
   irreducible SSE      : 0  (0.0000% of SST)
   R2(log, full) CEILING: 1.000000
   OTM subset           : n=0  0.000% of the T==0 SSE  median|err|=nan
   ITM subset           : n=0  0.000% of the T==0 SSE

-- B. strata (never conflate T==0 with 0<T<=1day)
   basis stratum     cause                                    n   %split      %SST   irred.SSE%
   T     T==0        decoder-degenerate (unfittable)          0   0.000%    0.000%      0.0000%
   T     0<T<=1day   ill-conditioned (hard)                   0   0.000%    0.000%      0.0000%
   T     T>1day      well-conditioned                    819342 100.000%  100.000%      0.0000%
   days  d=2-3       well-conditioned                     34860   4.255%   10.683%      0.0000%
   days  d=4-7       well-conditioned                     76815   9.375%   18.345%      0.0000%
   days  d=8-30      well-conditioned                    293399  35.809%   32.643%      0.0000%
   days  d=31-90     well-conditioned                    216254  26.394%   17.419%      0.0000%
   days  d=91-365    well-conditioned                    168929  20.618%   16.131%      0.0000%
   days  d>365       well-conditioned                     29085   3.550%    4.779%      0.0000%
   liquidity bid_pos     reporting stratum (NOT a filter)    814015  99.350%   94.387%      0.0000%
   liquidity relspread_le1 reporting stratum (NOT a filter)    799803  97.615%   84.364%      0.0000%
   liquidity bid_pos_and_relspread_le1 reporting stratum (NOT a filter)    799803  97.615%   84.364%      0.0000%

-- C. conditioning (vega, dlogP/dsigma) -- percentiles at the market-implied sigma
   basis stratum             n  %solved   sigma~   vega@.20~  vega                             dlogP/dsigma
   T     T==0                0     nan%      nan         nan  p5=nan  p50=nan  p95=nan         p5=nan  p50=nan  p95=nan
   T     0<T<=1day           0     nan%      nan         nan  p5=nan  p50=nan  p95=nan         p5=nan  p50=nan  p95=nan
   T     T>1day         819342   99.99%   0.1421   9.165e-02  p5=0.00213  p50=0.078  p95=0.306 p5=0.576  p50=10.4  p95=65.6
   days  d=2-3           34860   99.91%   0.1949   1.070e-02  p5=0.000372  p50=0.00827  p95=0.0341 p5=0.0406  p50=10.9  p95=76.1
   days  d=4-7           76815   99.99%   0.1452   3.278e-02  p5=0.000719  p50=0.0214  p95=0.0527 p5=0.158  p50=12.8  p95=88.9
   days  d=8-30         293399  100.00%   0.1387   6.824e-02  p5=0.0025  p50=0.0598  p95=0.104 p5=0.66  p50=10.6  p95=66.4
   days  d=31-90        216254  100.00%   0.1374   1.227e-01  p5=0.0101  p50=0.115  p95=0.177  p5=0.984  p50=10.4  p95=58.6
   days  d=91-365       168929  100.00%   0.1442   2.202e-01  p5=0.0228  p50=0.207  p95=0.343  p5=1.42  p50=10.1  p95=56.5
   days  d>365           29085  100.00%   0.1597   3.842e-01  p5=0.031  p50=0.381  p95=0.647   p5=1.06  p50=7.28  p95=57.2

-- D. decoder degeneracy, direct check (price spread over sigma in [0.01,3])
   T=0       max spread over sigma = 1.193e-05   max |p - intrinsic| = 1.197e-05
   T=1/365   max spread over sigma = 6.237e-02   max |p - intrinsic| = 6.258e-02
   T=30/365  max spread over sigma = 3.317e-01   max |p - intrinsic| = 3.328e-01

==============================================================================
PUT  test split: 1380379 rows, 267 dates
  sample: v5  schema_version=v4
  C:\Users\iamlz\Documents\__LZF_FILEs__\DL_optionPricing\wrds_data_2020-2025\deeponet_tensors_put_v5.h5
==============================================================================

-- A. T==0 decoder degeneracy -> hard R2(log,full) ceiling
   T==0 rows            : 0  (0.0000% of split)
   CEILING NOT BINDING  : no T==0 rows in this sample (v4 filters T <= 1 day at export): the decoder-degeneracy ceiling does not bind
   irreducible SSE      : 0  (0.0000% of SST)
   R2(log, full) CEILING: 1.000000
   OTM subset           : n=0  0.000% of the T==0 SSE  median|err|=nan
   ITM subset           : n=0  0.000% of the T==0 SSE

-- B. strata (never conflate T==0 with 0<T<=1day)
   basis stratum     cause                                    n   %split      %SST   irred.SSE%
   T     T==0        decoder-degenerate (unfittable)          0   0.000%    0.000%      0.0000%
   T     0<T<=1day   ill-conditioned (hard)                   0   0.000%    0.000%      0.0000%
   T     T>1day      well-conditioned                   1380379 100.000%  100.000%      0.0000%
   days  d=2-3       well-conditioned                     55889   4.049%   14.097%      0.0000%
   days  d=4-7       well-conditioned                    127016   9.202%   20.638%      0.0000%
   days  d=8-30      well-conditioned                    476719  34.535%   29.708%      0.0000%
   days  d=31-90     well-conditioned                    373737  27.075%   14.470%      0.0000%
   days  d=91-365    well-conditioned                    306073  22.173%   16.881%      0.0000%
   days  d>365       well-conditioned                     40945   2.966%    4.205%      0.0000%
   liquidity bid_pos     reporting stratum (NOT a filter)   1374766  99.593%   96.611%      0.0000%
   liquidity relspread_le1 reporting stratum (NOT a filter)   1364208  98.829%   92.324%      0.0000%
   liquidity bid_pos_and_relspread_le1 reporting stratum (NOT a filter)   1364208  98.829%   92.324%      0.0000%

-- C. conditioning (vega, dlogP/dsigma) -- percentiles at the market-implied sigma
   basis stratum             n  %solved   sigma~   vega@.20~  vega                             dlogP/dsigma
   T     T==0                0     nan%      nan         nan  p5=nan  p50=nan  p95=nan         p5=nan  p50=nan  p95=nan
   T     0<T<=1day           0     nan%      nan         nan  p5=nan  p50=nan  p95=nan         p5=nan  p50=nan  p95=nan
   T     T>1day        1380379  100.00%   0.2172   5.343e-02  p5=0.00162  p50=0.0629  p95=0.281 p5=2.66  p50=13.6  p95=27.2
   days  d=2-3           55889   99.96%   0.2973   2.928e-04  p5=0.000215  p50=0.00285  p95=0.0316 p5=0.301  p50=18.3  p95=40.3
   days  d=4-7          127016  100.00%   0.2242   8.220e-03  p5=0.000435  p50=0.00933  p95=0.0508 p5=0.675  p50=20.1  p95=39.7
   days  d=8-30         476719  100.00%   0.2093   4.201e-02  p5=0.00181  p50=0.0418  p95=0.1  p5=2.37  p50=15.1  p95=26.6
   days  d=31-90        373737  100.00%   0.2132   8.731e-02  p5=0.00738  p50=0.0906  p95=0.171 p5=3.64  p50=13.5  p95=20.2
   days  d=91-365       306073  100.00%   0.2223   1.702e-01  p5=0.0215  p50=0.182  p95=0.328  p5=4.05  p50=11.6  p95=16.5
   days  d>365           40945  100.00%   0.2133   3.605e-01  p5=0.0749  p50=0.37  p95=0.626   p5=4.27  p50=10  p95=15.9

-- D. decoder degeneracy, direct check (price spread over sigma in [0.01,3])
   T=0       max spread over sigma = 1.193e-05   max |p - intrinsic| = 1.197e-05
   T=1/365   max spread over sigma = 6.237e-02   max |p - intrinsic| = 6.258e-02
   T=30/365  max spread over sigma = 3.317e-01   max |p - intrinsic| = 3.328e-01

wrote C:\Users\iamlz\Documents\__LZF_FILEs__\DL_optionPricing\results/diagnostics_{tail_v5.json,strata_v5.csv,conditioning_v5.csv}
[2026-08-12 23:51:34] diagnostics exit=0
[2026-08-12 23:51:34] === baselines (v5) ===
[call] test rows=819342 dates=267 2024-08-07..2025-08-29
[call] sample=v5 schema=v4 C:\Users\iamlz\Documents\__LZF_FILEs__\DL_optionPricing\wrds_data_2020-2025\deeponet_tensors_call_v5.h5
[call] IV inversion: 0.0489% failed (5s)
  intrinsic_zero_vol           R2(price)=0.998586 R2(log,T>1d)=-16.806016
  const_sigma                  R2(price)=0.999706 R2(log,T>1d)=0.620788
  const_sigma_pxfit            R2(price)=0.999800 R2(log,T>1d)=0.640351
  surface_nearest              R2(price)=0.999981 R2(log,T>1d)=0.762844
  surface_bilinear             R2(price)=0.999982 R2(log,T>1d)=0.764132
  surface_spline               R2(price)=0.999982 R2(log,T>1d)=0.764181
  prev_day_surface_bilinear    R2(price)=0.999963 R2(log,T>1d)=0.725342
  realized_vol_21d             R2(price)=0.998881 R2(log,T>1d)=0.639789
  realized_vol_21d_scaled      R2(price)=0.998155 R2(log,T>1d)=0.645793
  realized_vol_21d_scaled_pxfit R2(price)=0.999416 R2(log,T>1d)=0.252564
  ewma_vol                     R2(price)=0.998906 R2(log,T>1d)=0.647092
  ewma_vol_scaled              R2(price)=0.998234 R2(log,T>1d)=0.649708
  ewma_vol_scaled_pxfit        R2(price)=0.999430 R2(log,T>1d)=0.288233
  vix_level_over_100           R2(price)=0.999574 R2(log,T>1d)=0.721329
  vix_level_scaled             R2(price)=0.999792 R2(log,T>1d)=0.786895
  vix_level_scaled_pxfit       R2(price)=0.999809 R2(log,T>1d)=0.790425
[put] test rows=1380379 dates=267 2024-08-07..2025-08-29
[put] sample=v5 schema=v4 C:\Users\iamlz\Documents\__LZF_FILEs__\DL_optionPricing\wrds_data_2020-2025\deeponet_tensors_put_v5.h5
[put] IV inversion: 0.0912% failed (5s)
  intrinsic_zero_vol           R2(price)=0.535219 R2(log,T>1d)=-34.203142
  const_sigma                  R2(price)=-2.358206 R2(log,T>1d)=-0.388064
  const_sigma_pxfit            R2(price)=0.925761 R2(log,T>1d)=-3.358130
  surface_nearest              R2(price)=0.996018 R2(log,T>1d)=-2.545360
  surface_bilinear             R2(price)=0.996587 R2(log,T>1d)=-2.536472
  surface_spline               R2(price)=0.996594 R2(log,T>1d)=-2.518559
  prev_day_surface_bilinear    R2(price)=0.991114 R2(log,T>1d)=-2.531755
  realized_vol_21d             R2(price)=0.703265 R2(log,T>1d)=-6.661421
  realized_vol_21d_scaled      R2(price)=-14.612897 R2(log,T>1d)=-0.725940
  realized_vol_21d_scaled_pxfit R2(price)=0.797291 R2(log,T>1d)=-8.901808
  ewma_vol                     R2(price)=0.707126 R2(log,T>1d)=-6.728105
  ewma_vol_scaled              R2(price)=-14.423659 R2(log,T>1d)=-0.715665
  ewma_vol_scaled_pxfit        R2(price)=0.803036 R2(log,T>1d)=-9.119693
  vix_level_over_100           R2(price)=0.902319 R2(log,T>1d)=-4.183330
  vix_level_scaled             R2(price)=-3.845374 R2(log,T>1d)=-0.356318
  vix_level_scaled_pxfit       R2(price)=0.924535 R2(log,T>1d)=-5.044269

type  baseline                       branch         pxOK       R2(px)  RMSE(px)   MAE(px)  R2(log,T>1d)  RMSE(log,T>1d)   IVrmse   IVmed
----------------------------------------------------------------------------------------------------------------------------------------
call  intrinsic_zero_vol             -              yes      0.998586  1.70e-02  1.04e-02    -16.806016          9.8940      n/a     n/a
call  const_sigma                    -              yes      0.999706  7.73e-03  5.68e-03      0.620788          1.4439   0.1162  0.0596
call  const_sigma_pxfit              -              yes      0.999800  6.39e-03  4.44e-03      0.640351          1.4061   0.1135  0.0465
call  surface_nearest                vol_surface    yes      0.999981  1.97e-03  5.39e-04      0.762844          1.1418   0.0900  0.0043
call  surface_bilinear               vol_surface    yes      0.999982  1.90e-03  4.53e-04      0.764132          1.1387   0.0898  0.0035
call  surface_spline                 vol_surface    yes      0.999982  1.89e-03  4.37e-04      0.764181          1.1386   0.0898  0.0033
call  prev_day_surface_bilinear      -              yes      0.999963  2.74e-03  1.13e-03      0.725342          1.2288   0.0958  0.0087
call  realized_vol_21d               spot_history   yes      0.998881  1.51e-02  6.79e-03      0.639789          1.4072   0.1327  0.0367
call  realized_vol_21d_scaled        spot_history   yes      0.998155  1.94e-02  8.74e-03      0.645793          1.3955   0.1498  0.0467
call  realized_vol_21d_scaled_pxfit  spot_history   yes      0.999416  1.09e-02  5.90e-03      0.252564          2.0271   0.1241  0.0471
call  ewma_vol                       spot_history   yes      0.998906  1.49e-02  6.69e-03      0.647092          1.3929   0.1309  0.0366
call  ewma_vol_scaled                spot_history   yes      0.998234  1.90e-02  8.53e-03      0.649708          1.3877   0.1473  0.0458
call  ewma_vol_scaled_pxfit          spot_history   yes      0.999430  1.08e-02  5.75e-03      0.288233          1.9781   0.1222  0.0457
call  vix_level_over_100             -              yes      0.999574  9.31e-03  5.30e-03      0.721329          1.2378   0.1103  0.0465
call  vix_level_scaled               -              yes      0.999792  6.51e-03  3.11e-03      0.786895          1.0824   0.1042  0.0252
call  vix_level_scaled_pxfit         -              yes      0.999809  6.23e-03  2.87e-03      0.790425          1.0734   0.1043  0.0217
put   intrinsic_zero_vol             -              NO       0.535219  1.52e-02  9.14e-03    -34.203142         11.7388      n/a     n/a
put   const_sigma                    -              NO      -2.358206  4.08e-02  2.88e-02     -0.388064          2.3310   0.2706  0.2651
put   const_sigma_pxfit              -              NO       0.925761  6.07e-03  3.96e-03     -3.358130          4.1303   0.1919  0.0589
put   surface_nearest                vol_surface    yes      0.996018  1.41e-03  7.98e-04     -2.545360          3.7253   0.1701  0.0092
put   surface_bilinear               vol_surface    yes      0.996587  1.30e-03  7.11e-04     -2.536472          3.7206   0.1700  0.0071
put   surface_spline                 vol_surface    yes      0.996594  1.30e-03  7.03e-04     -2.518559          3.7112   0.1698  0.0070
put   prev_day_surface_bilinear      -              yes      0.991114  2.10e-03  1.21e-03     -2.531755          3.7182   0.1716  0.0165
put   realized_vol_21d               spot_history   NO       0.703265  1.21e-02  5.65e-03     -6.661421          5.4763   0.2189  0.0825
put   realized_vol_21d_scaled        spot_history   NO     -14.612897  8.81e-02  4.98e-02     -0.725940          2.5992   0.5396  0.3114
put   realized_vol_21d_scaled_pxfit  spot_history   NO       0.797291  1.00e-02  5.61e-03     -8.901808          6.2257   0.2314  0.1007
put   ewma_vol                       spot_history   NO       0.707126  1.21e-02  5.54e-03     -6.728105          5.5001   0.2178  0.0817
put   ewma_vol_scaled                spot_history   NO     -14.423659  8.75e-02  4.93e-02     -0.715665          2.5915   0.5340  0.3022
put   ewma_vol_scaled_pxfit          spot_history   NO       0.803036  9.89e-03  5.52e-03     -9.119693          6.2939   0.2315  0.0998
put   vix_level_over_100             -              NO       0.902319  6.97e-03  3.36e-03     -4.183330          4.5044   0.1934  0.0472
put   vix_level_scaled               -              NO      -3.845374  4.91e-02  3.16e-02     -0.356318          2.3042   0.3013  0.2562
put   vix_level_scaled_pxfit         -              NO       0.924535  6.12e-03  3.14e-03     -5.044269          4.8641   0.2018  0.0512

ranking guidance:
  call: on this option type the best R2(log) baseline is vix_level_scaled_pxfit (log 0.7904, price 0.999809); the best price-accurate one (R2(price)>0.99) is vix_level_scaled_pxfit (log 0.7904, price 0.999809). Quote BOTH metrics -- neither alone identifies a 'best baseline'.
  put: on this option type the best R2(log) baseline is vix_level_scaled (log -0.3563, price -3.845374); the best price-accurate one (R2(price)>0.99) is surface_spline (log -2.5186, price 0.996594). Quote BOTH metrics -- neither alone identifies a 'best baseline'.

per-stratum  n / R2(price) / R2(log,full):
  call  intrinsic_zero_vol             T_eq_0: n=0 R2px=nan R2log=nan | T_gt_0_le_1d: n=0 R2px=nan R2log=nan | T_gt_1d: n=819342 R2px=0.998586 R2log=-16.8060 | T_eq_1d: n=0 R2px=nan R2log=nan | liq_bid_pos: n=814015 R2px=0.998586 R2log=-17.8198 | liq_relspread_le1: n=799803 R2px=0.998589 R2log=-19.9182 | liq_bid_pos_and_relspread_le1: n=799803 R2px=0.998589 R2log=-19.9182
  call  const_sigma                    T_eq_0: n=0 R2px=nan R2log=nan | T_gt_0_le_1d: n=0 R2px=nan R2log=nan | T_gt_1d: n=819342 R2px=0.999706 R2log=0.6208 | T_eq_1d: n=0 R2px=nan R2log=nan | liq_bid_pos: n=814015 R2px=0.999706 R2log=0.6251 | liq_relspread_le1: n=799803 R2px=0.999709 R2log=0.6402 | liq_bid_pos_and_relspread_le1: n=799803 R2px=0.999709 R2log=0.6402
  call  const_sigma_pxfit              T_eq_0: n=0 R2px=nan R2log=nan | T_gt_0_le_1d: n=0 R2px=nan R2log=nan | T_gt_1d: n=819342 R2px=0.999800 R2log=0.6404 | T_eq_1d: n=0 R2px=nan R2log=nan | liq_bid_pos: n=814015 R2px=0.999800 R2log=0.6496 | liq_relspread_le1: n=799803 R2px=0.999802 R2log=0.6756 | liq_bid_pos_and_relspread_le1: n=799803 R2px=0.999802 R2log=0.6756
  call  surface_nearest                T_eq_0: n=0 R2px=nan R2log=nan | T_gt_0_le_1d: n=0 R2px=nan R2log=nan | T_gt_1d: n=819342 R2px=0.999981 R2log=0.7628 | T_eq_1d: n=0 R2px=nan R2log=nan | liq_bid_pos: n=814015 R2px=0.999981 R2log=0.7932 | liq_relspread_le1: n=799803 R2px=0.999983 R2log=0.8468 | liq_bid_pos_and_relspread_le1: n=799803 R2px=0.999983 R2log=0.8468
  call  surface_bilinear               T_eq_0: n=0 R2px=nan R2log=nan | T_gt_0_le_1d: n=0 R2px=nan R2log=nan | T_gt_1d: n=819342 R2px=0.999982 R2log=0.7641 | T_eq_1d: n=0 R2px=nan R2log=nan | liq_bid_pos: n=814015 R2px=0.999982 R2log=0.7946 | liq_relspread_le1: n=799803 R2px=0.999984 R2log=0.8482 | liq_bid_pos_and_relspread_le1: n=799803 R2px=0.999984 R2log=0.8482
  call  surface_spline                 T_eq_0: n=0 R2px=nan R2log=nan | T_gt_0_le_1d: n=0 R2px=nan R2log=nan | T_gt_1d: n=819342 R2px=0.999982 R2log=0.7642 | T_eq_1d: n=0 R2px=nan R2log=nan | liq_bid_pos: n=814015 R2px=0.999982 R2log=0.7947 | liq_relspread_le1: n=799803 R2px=0.999984 R2log=0.8486 | liq_bid_pos_and_relspread_le1: n=799803 R2px=0.999984 R2log=0.8486
  call  prev_day_surface_bilinear      T_eq_0: n=0 R2px=nan R2log=nan | T_gt_0_le_1d: n=0 R2px=nan R2log=nan | T_gt_1d: n=819342 R2px=0.999963 R2log=0.7253 | T_eq_1d: n=0 R2px=nan R2log=nan | liq_bid_pos: n=814015 R2px=0.999963 R2log=0.7529 | liq_relspread_le1: n=799803 R2px=0.999965 R2log=0.8147 | liq_bid_pos_and_relspread_le1: n=799803 R2px=0.999965 R2log=0.8147
  call  realized_vol_21d               T_eq_0: n=0 R2px=nan R2log=nan | T_gt_0_le_1d: n=0 R2px=nan R2log=nan | T_gt_1d: n=819342 R2px=0.998881 R2log=0.6398 | T_eq_1d: n=0 R2px=nan R2log=nan | liq_bid_pos: n=814015 R2px=0.998881 R2log=0.6544 | liq_relspread_le1: n=799803 R2px=0.998883 R2log=0.6752 | liq_bid_pos_and_relspread_le1: n=799803 R2px=0.998883 R2log=0.6752
  call  realized_vol_21d_scaled        T_eq_0: n=0 R2px=nan R2log=nan | T_gt_0_le_1d: n=0 R2px=nan R2log=nan | T_gt_1d: n=819342 R2px=0.998155 R2log=0.6458 | T_eq_1d: n=0 R2px=nan R2log=nan | liq_bid_pos: n=814015 R2px=0.998155 R2log=0.6554 | liq_relspread_le1: n=799803 R2px=0.998158 R2log=0.6603 | liq_bid_pos_and_relspread_le1: n=799803 R2px=0.998158 R2log=0.6603
  call  realized_vol_21d_scaled_pxfit  T_eq_0: n=0 R2px=nan R2log=nan | T_gt_0_le_1d: n=0 R2px=nan R2log=nan | T_gt_1d: n=819342 R2px=0.999416 R2log=0.2526 | T_eq_1d: n=0 R2px=nan R2log=nan | liq_bid_pos: n=814015 R2px=0.999416 R2log=0.2536 | liq_relspread_le1: n=799803 R2px=0.999418 R2log=0.2942 | liq_bid_pos_and_relspread_le1: n=799803 R2px=0.999418 R2log=0.2942
  call  ewma_vol                       T_eq_0: n=0 R2px=nan R2log=nan | T_gt_0_le_1d: n=0 R2px=nan R2log=nan | T_gt_1d: n=819342 R2px=0.998906 R2log=0.6471 | T_eq_1d: n=0 R2px=nan R2log=nan | liq_bid_pos: n=814015 R2px=0.998906 R2log=0.6621 | liq_relspread_le1: n=799803 R2px=0.998909 R2log=0.6785 | liq_bid_pos_and_relspread_le1: n=799803 R2px=0.998909 R2log=0.6785
  call  ewma_vol_scaled                T_eq_0: n=0 R2px=nan R2log=nan | T_gt_0_le_1d: n=0 R2px=nan R2log=nan | T_gt_1d: n=819342 R2px=0.998234 R2log=0.6497 | T_eq_1d: n=0 R2px=nan R2log=nan | liq_bid_pos: n=814015 R2px=0.998234 R2log=0.6596 | liq_relspread_le1: n=799803 R2px=0.998238 R2log=0.6634 | liq_bid_pos_and_relspread_le1: n=799803 R2px=0.998238 R2log=0.6634
  call  ewma_vol_scaled_pxfit          T_eq_0: n=0 R2px=nan R2log=nan | T_gt_0_le_1d: n=0 R2px=nan R2log=nan | T_gt_1d: n=819342 R2px=0.999430 R2log=0.2882 | T_eq_1d: n=0 R2px=nan R2log=nan | liq_bid_pos: n=814015 R2px=0.999430 R2log=0.2915 | liq_relspread_le1: n=799803 R2px=0.999432 R2log=0.3255 | liq_bid_pos_and_relspread_le1: n=799803 R2px=0.999432 R2log=0.3255
  call  vix_level_over_100             T_eq_0: n=0 R2px=nan R2log=nan | T_gt_0_le_1d: n=0 R2px=nan R2log=nan | T_gt_1d: n=819342 R2px=0.999574 R2log=0.7213 | T_eq_1d: n=0 R2px=nan R2log=nan | liq_bid_pos: n=814015 R2px=0.999574 R2log=0.7321 | liq_relspread_le1: n=799803 R2px=0.999577 R2log=0.7286 | liq_bid_pos_and_relspread_le1: n=799803 R2px=0.999577 R2log=0.7286
  call  vix_level_scaled               T_eq_0: n=0 R2px=nan R2log=nan | T_gt_0_le_1d: n=0 R2px=nan R2log=nan | T_gt_1d: n=819342 R2px=0.999792 R2log=0.7869 | T_eq_1d: n=0 R2px=nan R2log=nan | liq_bid_pos: n=814015 R2px=0.999792 R2log=0.8089 | liq_relspread_le1: n=799803 R2px=0.999794 R2log=0.8270 | liq_bid_pos_and_relspread_le1: n=799803 R2px=0.999794 R2log=0.8270
  call  vix_level_scaled_pxfit         T_eq_0: n=0 R2px=nan R2log=nan | T_gt_0_le_1d: n=0 R2px=nan R2log=nan | T_gt_1d: n=819342 R2px=0.999809 R2log=0.7904 | T_eq_1d: n=0 R2px=nan R2log=nan | liq_bid_pos: n=814015 R2px=0.999809 R2log=0.8147 | liq_relspread_le1: n=799803 R2px=0.999812 R2log=0.8409 | liq_bid_pos_and_relspread_le1: n=799803 R2px=0.999812 R2log=0.8409
  put   intrinsic_zero_vol             T_eq_0: n=0 R2px=nan R2log=nan | T_gt_0_le_1d: n=0 R2px=nan R2log=nan | T_gt_1d: n=1380379 R2px=0.535219 R2log=-34.2031 | T_eq_1d: n=0 R2px=nan R2log=nan | liq_bid_pos: n=1374766 R2px=0.534559 R2log=-35.3863 | liq_relspread_le1: n=1364208 R2px=0.533306 R2log=-36.9602 | liq_bid_pos_and_relspread_le1: n=1364208 R2px=0.533306 R2log=-36.9602
  put   const_sigma                    T_eq_0: n=0 R2px=nan R2log=nan | T_gt_0_le_1d: n=0 R2px=nan R2log=nan | T_gt_1d: n=1380379 R2px=-2.358206 R2log=-0.3881 | T_eq_1d: n=0 R2px=nan R2log=nan | liq_bid_pos: n=1374766 R2px=-2.362983 R2log=-0.3835 | liq_relspread_le1: n=1364208 R2px=-2.372874 R2log=-0.3433 | liq_bid_pos_and_relspread_le1: n=1364208 R2px=-2.372874 R2log=-0.3433
  put   const_sigma_pxfit              T_eq_0: n=0 R2px=nan R2log=nan | T_gt_0_le_1d: n=0 R2px=nan R2log=nan | T_gt_1d: n=1380379 R2px=0.925761 R2log=-3.3581 | T_eq_1d: n=0 R2px=nan R2log=nan | liq_bid_pos: n=1374766 R2px=0.925656 R2log=-3.4551 | liq_relspread_le1: n=1364208 R2px=0.925552 R2log=-3.5259 | liq_bid_pos_and_relspread_le1: n=1364208 R2px=0.925552 R2log=-3.5259
  put   surface_nearest                T_eq_0: n=0 R2px=nan R2log=nan | T_gt_0_le_1d: n=0 R2px=nan R2log=nan | T_gt_1d: n=1380379 R2px=0.996018 R2log=-2.5454 | T_eq_1d: n=0 R2px=nan R2log=nan | liq_bid_pos: n=1374766 R2px=0.996014 R2log=-2.6135 | liq_relspread_le1: n=1364208 R2px=0.996123 R2log=-2.6432 | liq_bid_pos_and_relspread_le1: n=1364208 R2px=0.996123 R2log=-2.6432
  put   surface_bilinear               T_eq_0: n=0 R2px=nan R2log=nan | T_gt_0_le_1d: n=0 R2px=nan R2log=nan | T_gt_1d: n=1380379 R2px=0.996587 R2log=-2.5365 | T_eq_1d: n=0 R2px=nan R2log=nan | liq_bid_pos: n=1374766 R2px=0.996583 R2log=-2.6043 | liq_relspread_le1: n=1364208 R2px=0.996694 R2log=-2.6336 | liq_bid_pos_and_relspread_le1: n=1364208 R2px=0.996694 R2log=-2.6336
  put   surface_spline                 T_eq_0: n=0 R2px=nan R2log=nan | T_gt_0_le_1d: n=0 R2px=nan R2log=nan | T_gt_1d: n=1380379 R2px=0.996594 R2log=-2.5186 | T_eq_1d: n=0 R2px=nan R2log=nan | liq_bid_pos: n=1374766 R2px=0.996591 R2log=-2.5858 | liq_relspread_le1: n=1364208 R2px=0.996701 R2log=-2.6142 | liq_bid_pos_and_relspread_le1: n=1364208 R2px=0.996701 R2log=-2.6142
  put   prev_day_surface_bilinear      T_eq_0: n=0 R2px=nan R2log=nan | T_gt_0_le_1d: n=0 R2px=nan R2log=nan | T_gt_1d: n=1380379 R2px=0.991114 R2log=-2.5318 | T_eq_1d: n=0 R2px=nan R2log=nan | liq_bid_pos: n=1374766 R2px=0.991103 R2log=-2.5995 | liq_relspread_le1: n=1364208 R2px=0.991197 R2log=-2.6299 | liq_bid_pos_and_relspread_le1: n=1364208 R2px=0.991197 R2log=-2.6299
  put   realized_vol_21d               T_eq_0: n=0 R2px=nan R2log=nan | T_gt_0_le_1d: n=0 R2px=nan R2log=nan | T_gt_1d: n=1380379 R2px=0.703265 R2log=-6.6614 | T_eq_1d: n=0 R2px=nan R2log=nan | liq_bid_pos: n=1374766 R2px=0.702844 R2log=-6.8748 | liq_relspread_le1: n=1364208 R2px=0.702029 R2log=-7.1068 | liq_bid_pos_and_relspread_le1: n=1364208 R2px=0.702029 R2log=-7.1068
  put   realized_vol_21d_scaled        T_eq_0: n=0 R2px=nan R2log=nan | T_gt_0_le_1d: n=0 R2px=nan R2log=nan | T_gt_1d: n=1380379 R2px=-14.612897 R2log=-0.7259 | T_eq_1d: n=0 R2px=nan R2log=nan | liq_bid_pos: n=1374766 R2px=-14.635028 R2log=-0.7418 | liq_relspread_le1: n=1364208 R2px=-14.677593 R2log=-0.7399 | liq_bid_pos_and_relspread_le1: n=1364208 R2px=-14.677593 R2log=-0.7399
  put   realized_vol_21d_scaled_pxfit  T_eq_0: n=0 R2px=nan R2log=nan | T_gt_0_le_1d: n=0 R2px=nan R2log=nan | T_gt_1d: n=1380379 R2px=0.797291 R2log=-8.9018 | T_eq_1d: n=0 R2px=nan R2log=nan | liq_bid_pos: n=1374766 R2px=0.797003 R2log=-9.1939 | liq_relspread_le1: n=1364208 R2px=0.796489 R2log=-9.5325 | liq_bid_pos_and_relspread_le1: n=1364208 R2px=0.796489 R2log=-9.5325
  put   ewma_vol                       T_eq_0: n=0 R2px=nan R2log=nan | T_gt_0_le_1d: n=0 R2px=nan R2log=nan | T_gt_1d: n=1380379 R2px=0.707126 R2log=-6.7281 | T_eq_1d: n=0 R2px=nan R2log=nan | liq_bid_pos: n=1374766 R2px=0.706710 R2log=-6.9437 | liq_relspread_le1: n=1364208 R2px=0.705905 R2log=-7.1787 | liq_bid_pos_and_relspread_le1: n=1364208 R2px=0.705905 R2log=-7.1787
  put   ewma_vol_scaled                T_eq_0: n=0 R2px=nan R2log=nan | T_gt_0_le_1d: n=0 R2px=nan R2log=nan | T_gt_1d: n=1380379 R2px=-14.423659 R2log=-0.7157 | T_eq_1d: n=0 R2px=nan R2log=nan | liq_bid_pos: n=1374766 R2px=-14.445533 R2log=-0.7307 | liq_relspread_le1: n=1364208 R2px=-14.485576 R2log=-0.7298 | liq_bid_pos_and_relspread_le1: n=1364208 R2px=-14.485576 R2log=-0.7298
  put   ewma_vol_scaled_pxfit          T_eq_0: n=0 R2px=nan R2log=nan | T_gt_0_le_1d: n=0 R2px=nan R2log=nan | T_gt_1d: n=1380379 R2px=0.803036 R2log=-9.1197 | T_eq_1d: n=0 R2px=nan R2log=nan | liq_bid_pos: n=1374766 R2px=0.802757 R2log=-9.4194 | liq_relspread_le1: n=1364208 R2px=0.802260 R2log=-9.7680 | liq_bid_pos_and_relspread_le1: n=1364208 R2px=0.802260 R2log=-9.7680
  put   vix_level_over_100             T_eq_0: n=0 R2px=nan R2log=nan | T_gt_0_le_1d: n=0 R2px=nan R2log=nan | T_gt_1d: n=1380379 R2px=0.902319 R2log=-4.1833 | T_eq_1d: n=0 R2px=nan R2log=nan | liq_bid_pos: n=1374766 R2px=0.902181 R2log=-4.3092 | liq_relspread_le1: n=1364208 R2px=0.901995 R2log=-4.4180 | liq_bid_pos_and_relspread_le1: n=1364208 R2px=0.901995 R2log=-4.4180
  put   vix_level_scaled               T_eq_0: n=0 R2px=nan R2log=nan | T_gt_0_le_1d: n=0 R2px=nan R2log=nan | T_gt_1d: n=1380379 R2px=-3.845374 R2log=-0.3563 | T_eq_1d: n=0 R2px=nan R2log=nan | liq_bid_pos: n=1374766 R2px=-3.852268 R2log=-0.3504 | liq_relspread_le1: n=1364208 R2px=-3.866069 R2log=-0.3142 | liq_bid_pos_and_relspread_le1: n=1364208 R2px=-3.866069 R2log=-0.3142
  put   vix_level_scaled_pxfit         T_eq_0: n=0 R2px=nan R2log=nan | T_gt_0_le_1d: n=0 R2px=nan R2log=nan | T_gt_1d: n=1380379 R2px=0.924535 R2log=-5.0443 | T_eq_1d: n=0 R2px=nan R2log=nan | liq_bid_pos: n=1374766 R2px=0.924428 R2log=-5.2004 | liq_relspread_le1: n=1364208 R2px=0.924317 R2log=-5.3502 | liq_bid_pos_and_relspread_le1: n=1364208 R2px=0.924317 R2log=-5.3502

surface fixed-point diagnostics (T>0 rows):
  call  surface_nearest                nonconv=3.3855% (27739) out-of-grid=38.8675% (delta 227447, tenor 170616) of 819342
  call  surface_bilinear               nonconv=0.0001% (1) out-of-grid=38.8501% (delta 227302, tenor 170616) of 819342
  call  surface_spline                 nonconv=0.0000% (0) out-of-grid=38.8873% (delta 227607, tenor 170616) of 819342
  call  prev_day_surface_bilinear      nonconv=0.0001% (1) out-of-grid=39.0189% (delta 228802, tenor 170616) of 819342
  put   surface_nearest                nonconv=7.7329% (106743) out-of-grid=51.4911% (delta 604358, tenor 274497) of 1380379
  put   surface_bilinear               nonconv=0.0000% (0) out-of-grid=51.4390% (delta 603628, tenor 274497) of 1380379
  put   surface_spline                 nonconv=0.0000% (0) out-of-grid=51.3735% (delta 602724, tenor 274497) of 1380379
  put   prev_day_surface_bilinear      nonconv=0.0000% (0) out-of-grid=51.3706% (delta 602484, tenor 274497) of 1380379

wrote C:\Users\iamlz\Documents\__LZF_FILEs__\DL_optionPricing\results\baselines_v5.json and C:\Users\iamlz\Documents\__LZF_FILEs__\DL_optionPricing\results\baselines_v5.csv
[2026-08-12 23:53:09] baselines exit=0
[2026-08-12 23:53:09] === ALL v5 ANALYSES DONE (rc=0) ===
-rw-r--r-- 1 iamlz 197609  88177 Aug 12 23:53 results/baselines_v5.csv
-rw-r--r-- 1 iamlz 197609 238184 Aug 12 23:53 results/baselines_v5.json
-rw-r--r-- 1 iamlz 197609   5696 Aug 12 23:51 results/data_quality_bounds_v5.csv
-rw-r--r-- 1 iamlz 197609   5839 Aug 12 23:51 results/data_quality_duplicates_v5.csv
-rw-r--r-- 1 iamlz 197609  13528 Aug 12 23:51 results/data_quality_v5.json
-rw-r--r-- 1 iamlz 197609  10131 Aug 12 23:51 results/diagnostics_conditioning_v5.csv
-rw-r--r-- 1 iamlz 197609   8417 Aug 12 23:51 results/diagnostics_strata_v5.csv
-rw-r--r-- 1 iamlz 197609  29506 Aug 12 23:51 results/diagnostics_tail_v5.json
